ADR  CODE          Label   Instruction             Comment              Page(1)

00  1F DC                  LD      SP,#0DCH       
02  17 49                  LD      G1,#SCORE      
04  11 00          LOOP    LD      G0,0,G1        
06  53 00                  CMP     G0,#0          
08  A4 1E                  JZ      END            
0A  19 01                  LD      G2,1,G1        
0C  5B 00          P2      CMP     G2,#0          
0E  A4 14                  JZ      R              
10  B0 1F                  CALL    NOTE           
12  A0 16                  JMP     P1             
14  B0 2E          R       CALL    REST           
16  43 01          P1      SUB     G0,#1          
18  B4 0C                  JNZ     P2             
1A  37 02                  ADD     G1,#2          
1C  A0 04                  JMP     LOOP           
1E  FF             END     HALT                   
1F                 
1F                 ;音を出力する
1F  D0             NOTE    PUSH    G0             
20  13 01                  LD      G0,#1          
22  C3 01                  OUT     G0,01H         
24  B0 3D                  CALL    TM10US         
26  13 00                  LD      G0,#0          
28  C3 01                  OUT     G0,01H         
2A  B0 3D                  CALL    TM10US         
2C  D2                     POP     G0             
2D  EC                     RET                    
2E                 
2E                 ;給付を出力する
2E  D0             REST    PUSH    G0             
2F  13 00                  LD      G0,#0          
31  C3 01                  OUT     G0,01H         
33  B0 3D                  CALL    TM10US         
35  13 00                  LD      G0,#0          
37  C3 01                  OUT     G0,01H         
39  B0 3D                  CALL    TM10US         
3B  D2                     POP     G0             
3C  EC                     RET                    
3D                 
3D  D8             TM10US  PUSH    G2             
3E  00             LPT     NO                     
3F  00                     NO                     
40  00                     NO                     
41  00                     NO                     
42  00                     NO                     
43  4B 01                  SUB     G2,#1          
45  B4 3E                  JNZ     LPT            
47  DA                     POP     G2             
48  EC                     RET                    
49                 
49                 ;楽譜データ[長さ],[音階] ここから追記される.
49  41 BF          SCORE   DC      65,191         
